\BOOKMARK [1][-]{section*.1}{\376\377\000C\000o\000p\000y\000r\000i\000g\000h\000t}{}% 1
\BOOKMARK [1][-]{section*.2}{\376\377\000A\000p\000p\000r\000o\000v\000a\000l\000\040\000p\000a\000g\000e}{}% 2
\BOOKMARK [1][-]{section*.4}{\376\377\000A\000b\000s\000t\000r\000a\000c\000t}{}% 3
\BOOKMARK [1][-]{section*.5}{\376\377\000A\000c\000k\000n\000o\000w\000l\000e\000d\000g\000e\000m\000e\000n\000t\000s}{}% 4
\BOOKMARK [1][-]{section*.6}{\376\377\000T\000a\000b\000l\000e\000\040\000o\000f\000\040\000c\000o\000n\000t\000e\000n\000t\000s}{}% 5
\BOOKMARK [1][-]{section*.7}{\376\377\000L\000i\000s\000t\000\040\000o\000f\000\040\000t\000a\000b\000l\000e\000s}{}% 6
\BOOKMARK [1][-]{section*.8}{\376\377\000L\000i\000s\000t\000\040\000o\000f\000\040\000f\000i\000g\000u\000r\000e\000s}{}% 7
\BOOKMARK [1][-]{section*.9}{\376\377\000L\000i\000s\000t\000\040\000o\000f\000\040\000a\000c\000r\000o\000n\000y\000m\000s\000\040\000a\000n\000d\000\040\000a\000b\000b\000r\000e\000v\000i\000a\000t\000i\000o\000n\000s}{}% 8
\BOOKMARK [0][-]{chapter*.10}{\376\377\000C\000H\000A\000P\000T\000E\000R\000\040\000O\000N\000E\000:\000\040\000I\000N\000T\000R\000O\000D\000U\000C\000T\000I\000O\000N}{}% 9
\BOOKMARK [1][-]{section.1.1}{\376\377\000B\000a\000c\000k\000g\000r\000o\000u\000n\000d}{chapter*.10}% 10
\BOOKMARK [1][-]{section.1.2}{\376\377\000P\000r\000o\000b\000l\000e\000m\000\040\000S\000t\000a\000t\000e\000m\000e\000n\000t}{chapter*.10}% 11
\BOOKMARK [1][-]{section.1.3}{\376\377\000O\000b\000j\000e\000c\000t\000i\000v\000e\000s}{chapter*.10}% 12
\BOOKMARK [1][-]{section.1.4}{\376\377\000S\000c\000o\000p\000e\000\040\000a\000n\000d\000\040\000L\000i\000m\000i\000t\000a\000t\000i\000o\000n\000s}{chapter*.10}% 13
\BOOKMARK [1][-]{section.1.5}{\376\377\000R\000e\000p\000o\000r\000t\000\040\000O\000r\000g\000a\000n\000i\000z\000a\000t\000i\000o\000n}{chapter*.10}% 14
\BOOKMARK [0][-]{chapter*.12}{\376\377\000C\000H\000A\000P\000T\000E\000R\000\040\000T\000W\000O\000:\000\040\000L\000I\000T\000E\000R\000A\000T\000U\000R\000E\000\040\000R\000E\000V\000I\000E\000W}{}% 15
\BOOKMARK [1][-]{section.2.1}{\376\377\000R\000e\000l\000a\000t\000e\000d\000\040\000W\000o\000r\000k\000s}{chapter*.12}% 16
\BOOKMARK [1][-]{section.2.2}{\376\377\000E\000l\000e\000c\000t\000r\000i\000c\000i\000t\000y\000\040\000M\000a\000r\000k\000e\000t\000s\000\040\000a\000n\000d\000\040\000L\000o\000a\000d\000\040\000F\000o\000r\000e\000c\000a\000s\000t\000i\000n\000g}{chapter*.12}% 17
\BOOKMARK [2][-]{subsection.2.2.1}{\376\377\000S\000t\000r\000u\000c\000t\000u\000r\000e\000\040\000o\000f\000\040\000E\000l\000e\000c\000t\000r\000i\000c\000i\000t\000y\000\040\000M\000a\000r\000k\000e\000t\000s}{section.2.2}% 18
\BOOKMARK [2][-]{subsection.2.2.2}{\376\377\000R\000o\000l\000e\000\040\000o\000f\000\040\000L\000o\000a\000d\000\040\000F\000o\000r\000e\000c\000a\000s\000t\000i\000n\000g\000\040\000i\000n\000\040\000M\000a\000r\000k\000e\000t\000\040\000O\000p\000e\000r\000a\000t\000i\000o\000n\000s}{section.2.2}% 19
\BOOKMARK [2][-]{subsection.2.2.3}{\376\377\000R\000e\000l\000e\000v\000a\000n\000c\000e\000\040\000t\000o\000\040\000N\000e\000p\000a\000l\000'\000s\000\040\000P\000o\000w\000e\000r\000\040\000S\000e\000c\000t\000o\000r}{section.2.2}% 20
\BOOKMARK [1][-]{section.2.3}{\376\377\000T\000h\000e\000o\000r\000e\000t\000i\000c\000a\000l\000\040\000B\000a\000c\000k\000g\000r\000o\000u\000n\000d\000\040\000o\000f\000\040\000F\000o\000r\000e\000c\000a\000s\000t\000i\000n\000g\000\040\000M\000o\000d\000e\000l\000s}{chapter*.12}% 21
\BOOKMARK [2][-]{subsection.2.3.1}{\376\377\000M\000a\000c\000h\000i\000n\000e\000\040\000L\000e\000a\000r\000n\000i\000n\000g\000\040\000M\000o\000d\000e\000l\000s}{section.2.3}% 22
\BOOKMARK [2][-]{subsection.2.3.2}{\376\377\000D\000e\000e\000p\000\040\000L\000e\000a\000r\000n\000i\000n\000g\000\040\000M\000o\000d\000e\000l\000s}{section.2.3}% 23
\BOOKMARK [0][-]{chapter*.15}{\376\377\000C\000H\000A\000P\000T\000E\000R\000\040\000T\000H\000R\000E\000E\000:\000\040\000R\000E\000S\000E\000A\000R\000C\000H\000\040\000M\000E\000T\000H\000O\000D\000O\000L\000O\000G\000Y}{}% 24
\BOOKMARK [1][-]{section.3.1}{\376\377\000O\000v\000e\000r\000a\000l\000l\000\040\000W\000o\000r\000k\000f\000l\000o\000w}{chapter*.15}% 25
\BOOKMARK [1][-]{section.3.2}{\376\377\000D\000a\000t\000a\000\040\000A\000c\000q\000u\000i\000s\000i\000t\000i\000o\000n}{chapter*.15}% 26
\BOOKMARK [2][-]{subsection.3.2.1}{\376\377\000D\000a\000t\000a\000\040\000S\000o\000u\000r\000c\000e\000s}{section.3.2}% 27
\BOOKMARK [2][-]{subsection.3.2.2}{\376\377\000L\000o\000a\000d\000\040\000D\000a\000t\000a\000\040\000A\000c\000q\000u\000i\000s\000i\000t\000i\000o\000n\000\040\000a\000n\000d\000\040\000S\000t\000r\000u\000c\000t\000u\000r\000i\000n\000g\000\040\000P\000r\000o\000c\000e\000s\000s}{section.3.2}% 28
\BOOKMARK [2][-]{subsection.3.2.3}{\376\377\000W\000e\000a\000t\000h\000e\000r\000\040\000D\000a\000t\000a\000\040\000A\000c\000q\000u\000i\000s\000i\000t\000i\000o\000n\000\040\000a\000n\000d\000\040\000S\000t\000r\000u\000c\000t\000u\000r\000i\000n\000g}{section.3.2}% 29
\BOOKMARK [2][-]{subsection.3.2.4}{\376\377\000F\000i\000n\000a\000l\000\040\000M\000e\000r\000g\000i\000n\000g\000\040\000o\000f\000\040\000L\000o\000a\000d\000\040\000a\000n\000d\000\040\000W\000e\000a\000t\000h\000e\000r\000\040\000D\000a\000t\000a}{section.3.2}% 30
\BOOKMARK [1][-]{section.3.3}{\376\377\000D\000a\000t\000a\000\040\000P\000r\000e\000p\000r\000o\000c\000e\000s\000s\000i\000n\000g}{chapter*.15}% 31
\BOOKMARK [1][-]{section.3.4}{\376\377\000M\000o\000d\000e\000l\000\040\000D\000e\000v\000e\000l\000o\000p\000m\000e\000n\000t}{chapter*.15}% 32
\BOOKMARK [1][-]{section.3.5}{\376\377\000M\000o\000d\000e\000l\000\040\000T\000r\000a\000i\000n\000i\000n\000g\000\040\000a\000n\000d\000\040\000V\000a\000l\000i\000d\000a\000t\000i\000o\000n}{chapter*.15}% 33
\BOOKMARK [2][-]{subsection.3.5.1}{\376\377\000T\000r\000a\000i\000n\000i\000n\000g\000\040\000o\000f\000\040\000M\000a\000c\000h\000i\000n\000e\000\040\000L\000e\000a\000r\000n\000i\000n\000g\000\040\000M\000o\000d\000e\000l\000s}{section.3.5}% 34
\BOOKMARK [2][-]{subsection.3.5.2}{\376\377\000T\000r\000a\000i\000n\000i\000n\000g\000\040\000o\000f\000\040\000D\000e\000e\000p\000\040\000L\000e\000a\000r\000n\000i\000n\000g\000\040\000M\000o\000d\000e\000l\000s}{section.3.5}% 35
\BOOKMARK [2][-]{subsection.3.5.3}{\376\377\000V\000a\000l\000i\000d\000a\000t\000i\000o\000n\000\040\000A\000p\000p\000r\000o\000a\000c\000h}{section.3.5}% 36
\BOOKMARK [1][-]{section.3.6}{\376\377\000P\000e\000r\000f\000o\000r\000m\000a\000n\000c\000e\000\040\000E\000v\000a\000l\000u\000a\000t\000i\000o\000n}{chapter*.15}% 37
\BOOKMARK [2][-]{subsection.3.6.1}{\376\377\000M\000e\000a\000n\000\040\000A\000b\000s\000o\000l\000u\000t\000e\000\040\000E\000r\000r\000o\000r\000\040\000\050\000M\000A\000E\000\051}{section.3.6}% 38
\BOOKMARK [2][-]{subsection.3.6.2}{\376\377\000R\000o\000o\000t\000\040\000M\000e\000a\000n\000\040\000S\000q\000u\000a\000r\000e\000d\000\040\000E\000r\000r\000o\000r\000\040\000\050\000R\000M\000S\000E\000\051}{section.3.6}% 39
\BOOKMARK [2][-]{subsection.3.6.3}{\376\377\000M\000e\000a\000n\000\040\000A\000b\000s\000o\000l\000u\000t\000e\000\040\000P\000e\000r\000c\000e\000n\000t\000a\000g\000e\000\040\000E\000r\000r\000o\000r\000\040\000\050\000M\000A\000P\000E\000\051}{section.3.6}% 40
\BOOKMARK [2][-]{subsection.3.6.4}{\376\377\000C\000o\000e\000f\000f\000i\000c\000i\000e\000n\000t\000\040\000o\000f\000\040\000D\000e\000t\000e\000r\000m\000i\000n\000a\000t\000i\000o\000n\000\040\000\050\000R\0002\000\040\000S\000c\000o\000r\000e\000\051}{section.3.6}% 41
\BOOKMARK [0][-]{chapter*.18}{\376\377\000C\000H\000A\000P\000T\000E\000R\000\040\000F\000O\000U\000R\000:\000\040\000R\000E\000S\000U\000L\000T\000S\000\040\000A\000N\000D\000\040\000D\000I\000S\000C\000U\000S\000S\000I\000O\000N}{}% 42
\BOOKMARK [1][-]{section.4.1}{\376\377\000E\000x\000p\000l\000o\000r\000a\000t\000o\000r\000y\000\040\000D\000a\000t\000a\000\040\000A\000n\000a\000l\000y\000s\000i\000s}{chapter*.18}% 43
\BOOKMARK [2][-]{subsection.4.1.1}{\376\377\000O\000u\000t\000l\000i\000e\000r\000\040\000T\000r\000e\000a\000t\000m\000e\000n\000t}{section.4.1}% 44
\BOOKMARK [1][-]{section.4.2}{\376\377\000M\000o\000d\000e\000l\000\040\000P\000e\000r\000f\000o\000r\000m\000a\000n\000c\000e\000\040\000R\000e\000s\000u\000l\000t\000s}{chapter*.18}% 45
\BOOKMARK [2][-]{subsection.4.2.1}{\376\377\000M\000a\000c\000h\000i\000n\000e\000\040\000L\000e\000a\000r\000n\000i\000n\000g\000\040\000M\000o\000d\000e\000l\000\040\000P\000e\000r\000f\000o\000r\000m\000a\000n\000c\000e}{section.4.2}% 46
\BOOKMARK [2][-]{subsection.4.2.2}{\376\377\000D\000e\000e\000p\000\040\000L\000e\000a\000r\000n\000i\000n\000g\000\040\000M\000o\000d\000e\000l\000\040\000P\000e\000r\000f\000o\000r\000m\000a\000n\000c\000e}{section.4.2}% 47
\BOOKMARK [0][-]{chapter*.36}{\376\377\000C\000H\000A\000P\000T\000E\000R\000\040\000F\000I\000V\000E\000:\000\040\000C\000O\000N\000C\000L\000U\000S\000I\000O\000N}{}% 48
\BOOKMARK [1][-]{section.5.1}{\376\377\000C\000o\000n\000c\000l\000u\000s\000i\000o\000n}{chapter*.36}% 49
\BOOKMARK [1][-]{section.5.2}{\376\377\000R\000e\000s\000e\000a\000r\000c\000h\000\040\000L\000i\000m\000i\000t\000a\000t\000i\000o\000n\000s}{chapter*.36}% 50
\BOOKMARK [1][-]{section.5.3}{\376\377\000I\000m\000p\000l\000i\000c\000a\000t\000i\000o\000n\000s}{chapter*.36}% 51
\BOOKMARK [1][-]{section.5.4}{\376\377\000F\000u\000t\000u\000r\000e\000\040\000W\000o\000r\000k}{chapter*.36}% 52
\BOOKMARK [0][-]{Item.43}{\376\377\000R\000E\000F\000E\000R\000E\000N\000C\000E\000S}{}% 53
